ErrorResult{formulaName='Name of the formula', message='Terrible problem', presentation='Presentation of which cells in the spreadsheet are populated with numbers and formulas and things'}